--
-- MULTI_LARGE_TABLE_TASK_ASSIGNMENT
--
-- Tests which cover task assignment for MapMerge jobs for single range repartition
-- and dual hash repartition joins. The tests also cover task assignment propagation
-- from a sql task to its depended tasks. Note that we set the executor type to task
-- tracker executor here, as we cannot run repartition jobs with real time executor.
SET citus.next_shard_id TO 710000;
-- print whether we're using version > 9 to make version-specific tests clear
SHOW server_version \gset
SELECT substring(:'server_version', '\d+')::int > 9 AS version_above_nine;
 version_above_nine 
--------------------
 f
(1 row)

BEGIN;
SET client_min_messages TO DEBUG3;
DEBUG:  CommitTransactionCommand
SET citus.large_table_shard_count TO 2;
DEBUG:  StartTransactionCommand
DEBUG:  ProcessUtility
DEBUG:  CommitTransactionCommand
SET citus.task_executor_type TO 'task-tracker';
DEBUG:  StartTransactionCommand
DEBUG:  ProcessUtility
DEBUG:  CommitTransactionCommand
-- Single range repartition join to test anchor-shard based task assignment and
-- assignment propagation to merge and data-fetch tasks.
SELECT
	count(*)
FROM
	orders, customer
WHERE
	o_custkey = c_custkey;
DEBUG:  StartTransactionCommand
DEBUG:  assigned task 2 to node localhost:57637
DEBUG:  assigned task 1 to node localhost:57638
DEBUG:  join prunable for intervals [1,1000] and [1001,2000]
DEBUG:  join prunable for intervals [1,1000] and [6001,7000]
DEBUG:  join prunable for intervals [1001,2000] and [1,1000]
DEBUG:  join prunable for intervals [1001,2000] and [6001,7000]
DEBUG:  join prunable for intervals [6001,7000] and [1,1000]
DEBUG:  join prunable for intervals [6001,7000] and [1001,2000]
DEBUG:  pruning merge fetch taskId 1
DETAIL:  Creating dependency on merge taskId 3
DEBUG:  pruning merge fetch taskId 3
DETAIL:  Creating dependency on merge taskId 6
DEBUG:  pruning merge fetch taskId 5
DETAIL:  Creating dependency on merge taskId 9
DEBUG:  assigned task 4 to node localhost:57637
DEBUG:  assigned task 6 to node localhost:57638
DEBUG:  assigned task 2 to node localhost:57637
DEBUG:  CommitTransactionCommand
 count 
-------
  2984
(1 row)

-- Single range repartition join, along with a join with a small table containing
-- more than one shard. This situation results in multiple sql tasks depending on
-- the same merge task, and tests our constraint group creation and assignment
-- propagation. Here 'orders' is considered the small table.
SET citus.large_table_shard_count TO 3;
DEBUG:  StartTransactionCommand
DEBUG:  ProcessUtility
DEBUG:  CommitTransactionCommand
SELECT
	count(*)
FROM
	orders, customer, lineitem
WHERE
	o_custkey = c_custkey AND
	o_orderkey = l_orderkey;
DEBUG:  StartTransactionCommand
DEBUG:  assigned task 3 to node localhost:57637
DEBUG:  assigned task 5 to node localhost:57638
DEBUG:  assigned task 4 to node localhost:57637
DEBUG:  assigned task 6 to node localhost:57638
DEBUG:  assigned task 1 to node localhost:57637
DEBUG:  assigned task 2 to node localhost:57638
DEBUG:  join prunable for intervals [1,1509] and [2951,4455]
DEBUG:  join prunable for intervals [1,1509] and [4480,5986]
DEBUG:  join prunable for intervals [1,1509] and [8997,10560]
DEBUG:  join prunable for intervals [1,1509] and [10560,12036]
DEBUG:  join prunable for intervals [1,1509] and [12036,13473]
DEBUG:  join prunable for intervals [1,1509] and [13473,14947]
DEBUG:  join prunable for intervals [1509,4964] and [8997,10560]
DEBUG:  join prunable for intervals [1509,4964] and [10560,12036]
DEBUG:  join prunable for intervals [1509,4964] and [12036,13473]
DEBUG:  join prunable for intervals [1509,4964] and [13473,14947]
DEBUG:  join prunable for intervals [2951,4455] and [1,1509]
DEBUG:  join prunable for intervals [2951,4455] and [4480,5986]
DEBUG:  join prunable for intervals [2951,4455] and [8997,10560]
DEBUG:  join prunable for intervals [2951,4455] and [10560,12036]
DEBUG:  join prunable for intervals [2951,4455] and [12036,13473]
DEBUG:  join prunable for intervals [2951,4455] and [13473,14947]
DEBUG:  join prunable for intervals [4480,5986] and [1,1509]
DEBUG:  join prunable for intervals [4480,5986] and [2951,4455]
DEBUG:  join prunable for intervals [4480,5986] and [8997,10560]
DEBUG:  join prunable for intervals [4480,5986] and [10560,12036]
DEBUG:  join prunable for intervals [4480,5986] and [12036,13473]
DEBUG:  join prunable for intervals [4480,5986] and [13473,14947]
DEBUG:  join prunable for intervals [8997,10560] and [1,1509]
DEBUG:  join prunable for intervals [8997,10560] and [1509,4964]
DEBUG:  join prunable for intervals [8997,10560] and [2951,4455]
DEBUG:  join prunable for intervals [8997,10560] and [4480,5986]
DEBUG:  join prunable for intervals [8997,10560] and [12036,13473]
DEBUG:  join prunable for intervals [8997,10560] and [13473,14947]
DEBUG:  join prunable for intervals [10560,12036] and [1,1509]
DEBUG:  join prunable for intervals [10560,12036] and [1509,4964]
DEBUG:  join prunable for intervals [10560,12036] and [2951,4455]
DEBUG:  join prunable for intervals [10560,12036] and [4480,5986]
DEBUG:  join prunable for intervals [10560,12036] and [13473,14947]
DEBUG:  join prunable for intervals [12036,13473] and [1,1509]
DEBUG:  join prunable for intervals [12036,13473] and [1509,4964]
DEBUG:  join prunable for intervals [12036,13473] and [2951,4455]
DEBUG:  join prunable for intervals [12036,13473] and [4480,5986]
DEBUG:  join prunable for intervals [12036,13473] and [8997,10560]
DEBUG:  join prunable for intervals [13473,14947] and [1,1509]
DEBUG:  join prunable for intervals [13473,14947] and [1509,4964]
DEBUG:  join prunable for intervals [13473,14947] and [2951,4455]
DEBUG:  join prunable for intervals [13473,14947] and [4480,5986]
DEBUG:  join prunable for intervals [13473,14947] and [8997,10560]
DEBUG:  join prunable for intervals [13473,14947] and [10560,12036]
DEBUG:  pruning merge fetch taskId 1
DETAIL:  Creating dependency on merge taskId 7
DEBUG:  pruning merge fetch taskId 3
DETAIL:  Creating dependency on merge taskId 7
DEBUG:  pruning merge fetch taskId 5
DETAIL:  Creating dependency on merge taskId 14
DEBUG:  pruning merge fetch taskId 7
DETAIL:  Creating dependency on merge taskId 14
DEBUG:  pruning merge fetch taskId 9
DETAIL:  Creating dependency on merge taskId 14
DEBUG:  pruning merge fetch taskId 11
DETAIL:  Creating dependency on merge taskId 14
DEBUG:  pruning merge fetch taskId 13
DETAIL:  Creating dependency on merge taskId 21
DEBUG:  pruning merge fetch taskId 15
DETAIL:  Creating dependency on merge taskId 21
DEBUG:  pruning merge fetch taskId 17
DETAIL:  Creating dependency on merge taskId 28
DEBUG:  pruning merge fetch taskId 19
DETAIL:  Creating dependency on merge taskId 28
DEBUG:  pruning merge fetch taskId 21
DETAIL:  Creating dependency on merge taskId 35
DEBUG:  pruning merge fetch taskId 23
DETAIL:  Creating dependency on merge taskId 35
DEBUG:  pruning merge fetch taskId 25
DETAIL:  Creating dependency on merge taskId 42
DEBUG:  pruning merge fetch taskId 27
DETAIL:  Creating dependency on merge taskId 42
DEBUG:  pruning merge fetch taskId 29
DETAIL:  Creating dependency on merge taskId 42
DEBUG:  pruning merge fetch taskId 31
DETAIL:  Creating dependency on merge taskId 49
DEBUG:  pruning merge fetch taskId 33
DETAIL:  Creating dependency on merge taskId 49
DEBUG:  pruning merge fetch taskId 35
DETAIL:  Creating dependency on merge taskId 49
DEBUG:  pruning merge fetch taskId 37
DETAIL:  Creating dependency on merge taskId 56
DEBUG:  pruning merge fetch taskId 39
DETAIL:  Creating dependency on merge taskId 56
DEBUG:  assigned task 14 to node localhost:57637
DEBUG:  assigned task 2 to node localhost:57638
DEBUG:  assigned task 18 to node localhost:57637
DEBUG:  assigned task 6 to node localhost:57638
DEBUG:  assigned task 32 to node localhost:57637
DEBUG:  assigned task 22 to node localhost:57638
DEBUG:  assigned task 26 to node localhost:57637
DEBUG:  assigned task 38 to node localhost:57638
DEBUG:  propagating assignment from merge task 7 to constrained sql task 4
DEBUG:  propagating assignment from merge task 14 to constrained sql task 8
DEBUG:  propagating assignment from merge task 14 to constrained sql task 10
DEBUG:  propagating assignment from merge task 14 to constrained sql task 12
DEBUG:  propagating assignment from merge task 21 to constrained sql task 16
DEBUG:  propagating assignment from merge task 28 to constrained sql task 20
DEBUG:  propagating assignment from merge task 35 to constrained sql task 24
DEBUG:  propagating assignment from merge task 42 to constrained sql task 28
DEBUG:  propagating assignment from merge task 42 to constrained sql task 30
DEBUG:  propagating assignment from merge task 49 to constrained sql task 34
DEBUG:  propagating assignment from merge task 49 to constrained sql task 36
DEBUG:  propagating assignment from merge task 56 to constrained sql task 40
DEBUG:  CommitTransactionCommand
 count 
-------
 11998
(1 row)

SET citus.large_table_shard_count TO 2;
DEBUG:  StartTransactionCommand
DEBUG:  ProcessUtility
DEBUG:  CommitTransactionCommand
-- Dual hash repartition join which tests the separate hash repartition join
-- task assignment algorithm.
SELECT
	count(*)
FROM
	lineitem, customer
WHERE
	l_partkey = c_nationkey;
DEBUG:  StartTransactionCommand
DEBUG:  assigned task 2 to node localhost:57637
DEBUG:  assigned task 1 to node localhost:57638
DEBUG:  assigned task 4 to node localhost:57637
DEBUG:  assigned task 3 to node localhost:57638
DEBUG:  assigned task 6 to node localhost:57637
DEBUG:  assigned task 5 to node localhost:57638
DEBUG:  assigned task 8 to node localhost:57637
DEBUG:  assigned task 7 to node localhost:57638
DEBUG:  assigned task 2 to node localhost:57637
DEBUG:  assigned task 3 to node localhost:57638
DEBUG:  assigned task 1 to node localhost:57637
DEBUG:  join prunable for task partitionId 0 and 1
DEBUG:  join prunable for task partitionId 0 and 2
DEBUG:  join prunable for task partitionId 0 and 3
DEBUG:  join prunable for task partitionId 1 and 0
DEBUG:  join prunable for task partitionId 1 and 2
DEBUG:  join prunable for task partitionId 1 and 3
DEBUG:  join prunable for task partitionId 2 and 0
DEBUG:  join prunable for task partitionId 2 and 1
DEBUG:  join prunable for task partitionId 2 and 3
DEBUG:  join prunable for task partitionId 3 and 0
DEBUG:  join prunable for task partitionId 3 and 1
DEBUG:  join prunable for task partitionId 3 and 2
DEBUG:  pruning merge fetch taskId 1
DETAIL:  Creating dependency on merge taskId 9
DEBUG:  pruning merge fetch taskId 2
DETAIL:  Creating dependency on merge taskId 4
DEBUG:  pruning merge fetch taskId 4
DETAIL:  Creating dependency on merge taskId 18
DEBUG:  pruning merge fetch taskId 5
DETAIL:  Creating dependency on merge taskId 8
DEBUG:  pruning merge fetch taskId 7
DETAIL:  Creating dependency on merge taskId 27
DEBUG:  pruning merge fetch taskId 8
DETAIL:  Creating dependency on merge taskId 12
DEBUG:  pruning merge fetch taskId 10
DETAIL:  Creating dependency on merge taskId 36
DEBUG:  pruning merge fetch taskId 11
DETAIL:  Creating dependency on merge taskId 16
DEBUG:  assigned task 3 to node localhost:57638
DEBUG:  assigned task 6 to node localhost:57637
DEBUG:  assigned task 9 to node localhost:57638
DEBUG:  assigned task 12 to node localhost:57637
DEBUG:  CommitTransactionCommand
 count 
-------
   125
(1 row)

-- Reset client logging level to its previous value
SET client_min_messages TO NOTICE;
DEBUG:  StartTransactionCommand
DEBUG:  ProcessUtility
COMMIT;
